Microchip MPLAB XC8 Compiler V2.00 ()

Linker command line:

-W-3 --edf=C:\Program Files (x86)\Microchip\xc8\v2.00\pic\dat\en_msgs.txt \
  -cs -h+dist/default/production\FlexLED2.0.X.production.sym \
  --cmf=dist/default/production\FlexLED2.0.X.production.cmf -z -Q16F15324 \
  -oC:\Users\Carl\AppData\Local\Temp\sb0s.2 --defsym=__MPLAB_BUILD=1 \
  -Mdist/default/production/FlexLED2.0.X.production.map -E1 -ver=XC8 \
  --acfsm=1493 -ASTACK=02025h-020cfh -pstack=STACK -ACODE=00h-07FFhx2 \
  -ASTRCODE=00h-0FFFh -ASTRING=00h-0FFhx16 -ACONST=00h-0FFhx16 \
  -AENTRY=00h-0FFhx16 -ACOMMON=070h-07Fh -ABANK0=020h-06Fh \
  -ABANK1=0A0h-0EFh -ABANK2=0120h-016Fh -ABANK3=01A0h-01EFh \
  -ABANK4=0220h-026Fh -ABANK5=02A0h-02EFh -ABANK6=0320h-032Fh \
  -ABIGRAM=02000h-021EFh \
  -ARAM=020h-06Fh,0A0h-0EFh,0120h-016Fh,01A0h-01EFh,0220h-026Fh,02A0h-02EFh,0320h-032Fh \
  -AABS1=020h-07Fh,0A0h-0EFh,0120h-016Fh,01A0h-01EFh,0220h-026Fh,02A0h-02EFh,0320h-032Fh \
  -ASFR0=00h-01Fh -ASFR1=080h-09Fh -ASFR2=0100h-011Fh -ASFR3=0180h-019Fh \
  -ASFR4=0200h-021Fh -ASFR5=0280h-029Fh -ASFR6=0300h-031Fh \
  -ASFR7=0380h-03EFh -ASFR8=0400h-046Fh -ASFR9=0480h-04EFh \
  -ASFR10=0500h-056Fh -ASFR11=0580h-05EFh -ASFR12=0600h-066Fh \
  -ASFR13=0680h-06EFh -ASFR14=0700h-076Fh -ASFR15=0780h-07EFh \
  -ASFR16=0800h-086Fh -ASFR17=0880h-08EFh -ASFR18=0900h-096Fh \
  -ASFR19=0980h-09EFh -ASFR20=0A00h-0A6Fh -ASFR21=0A80h-0AEFh \
  -ASFR22=0B00h-0B6Fh -ASFR23=0B80h-0BEFh -ASFR24=0C00h-0C6Fh \
  -ASFR25=0C80h-0CEFh -ASFR26=0D00h-0D6Fh -ASFR27=0D80h-0DEFh \
  -ASFR28=0E00h-0E6Fh -ASFR29=0E80h-0EEFh -ASFR30=0F00h-0F6Fh \
  -ASFR31=0F80h-0FEFh -ASFR32=01000h-0106Fh -ASFR33=01080h-010EFh \
  -ASFR34=01100h-0116Fh -ASFR35=01180h-011EFh -ASFR36=01200h-0126Fh \
  -ASFR37=01280h-012EFh -ASFR38=01300h-0136Fh -ASFR39=01380h-013EFh \
  -ASFR40=01400h-0146Fh -ASFR41=01480h-014EFh -ASFR42=01500h-0156Fh \
  -ASFR43=01580h-015EFh -ASFR44=01600h-0166Fh -ASFR45=01680h-016EFh \
  -ASFR46=01700h-0176Fh -ASFR47=01780h-017EFh -ASFR48=01800h-0186Fh \
  -ASFR49=01880h-018EFh -ASFR50=01900h-0196Fh -ASFR51=01980h-019EFh \
  -ASFR52=01A00h-01A6Fh -ASFR53=01A80h-01AEFh -ASFR54=01B00h-01B6Fh \
  -ASFR55=01B80h-01BEFh -ASFR56=01C00h-01C6Fh -ASFR57=01C80h-01CEFh \
  -ASFR58=01D00h-01D6Fh -ASFR59=01D80h-01DEFh -ASFR60=01E00h-01E6Fh \
  -ASFR61=01E80h-01EEFh -ASFR62=01F00h-01F6Fh -ASFR63=01F80h-01FEFh \
  -preset_vec=00h,intentry=04h,init,end_init -ppowerup=CODE -pcinit=CODE \
  -pfunctab=ENTRY -ACONFIG=08007h-0800Bh -pconfig=CONFIG -DCONFIG=2 \
  -AIDLOC=08000h-08003h -pidloc=IDLOC -DIDLOC=2 -DCODE=2 -DSTRCODE=2 \
  -DSTRING=2 -DCONST=2 -DENTRY=2 -k C:\Users\Carl\AppData\Local\Temp\sb0s.o \
  dist/default/production\FlexLED2.0.X.production.o 

Object code version is 3.11

Machine type is 16F15324



                Name                               Link     Load   Length Selector   Space Scale
C:\Users\Carl\AppData\Local\Temp\sb0s.o
                end_init                             20       20        2        8       0
                reset_vec                             0        0        2        0       0
                config                             8007     8007        5    1000E       0
dist/default/production\FlexLED2.0.X.production.o
                cinit                                22       22       21        8       0
                intentry                              4        4       1C        8       0
                text14                              760      760        1      546       0
                text13                              719      719       10      546       0
                text11                              5FA      5FA       68      546       0
                text10                              69B      69B       22      546       0
                text9                               2A3      2A3      237      546       0
                text8                               662      662       39      546       0
                text7                               741      741        A      546       0
                text6                               6DA      6DA       19      546       0
                text5                               74B      74B        8      546       0
                text4                               759      759        6      546       0
                text3                               6F3      6F3       16      546       0
                text2                               753      753        6      546       0
                text1                               709      709       10      546       0
                maintext                            6BD      6BD       1D      546       0
                cstackBANK0                          3C       3C        6       20       1
                cstackCOMMON                         70       70        D       70       1
                clrtext                             735      735        C      546       0
                inittext                            729      729        C      546       0
                dataBANK0                            44       44        1       20       1
                bssBANK0                             20       20       1C       20       1
                nvBANK0                              42       42        2       20       1
                stringtext1                          43       43      260       86       0
                idataBIGRAM                         4DA      4DA      120      546       0
                idataBANK0                          75F      75F        1      546       0

TOTAL           Name                               Link     Load   Length     Space
        CLASS   STACK          

        CLASS   CODE           
                end_init                             20       20        2         0
                cinit                                22       22       21         0
                intentry                              4        4       1C         0
                reset_vec                             0        0        2         0
                text14                              760      760        1         0
                text13                              719      719       10         0
                text11                              5FA      5FA       68         0
                text10                              69B      69B       22         0
                text9                               2A3      2A3      237         0
                text8                               662      662       39         0
                text7                               741      741        A         0
                text6                               6DA      6DA       19         0
                text5                               74B      74B        8         0
                text4                               759      759        6         0
                text3                               6F3      6F3       16         0
                text2                               753      753        6         0
                text1                               709      709       10         0
                maintext                            6BD      6BD       1D         0
                clrtext                             735      735        C         0
                inittext                            729      729        C         0
                idataBIGRAM                         4DA      4DA      120         0
                idataBANK0                          75F      75F        1         0

        CLASS   STRCODE        
                stringtext1                          43       43      260         0

        CLASS   STRING         

        CLASS   CONST          

        CLASS   ENTRY          

        CLASS   COMMON         
                cstackCOMMON                         70       70        D         1

        CLASS   BANK0          
                cstackBANK0                          3C       3C        6         1
                dataBANK0                            44       44        1         1
                bssBANK0                             20       20       1C         1
                nvBANK0                              42       42        2         1

        CLASS   BANK1          

        CLASS   BANK2          

        CLASS   BANK3          

        CLASS   BANK4          

        CLASS   BANK5          

        CLASS   BANK6          

        CLASS   BIGRAM         

        CLASS   RAM            

        CLASS   ABS1           
                abs_s1                               7E       7E        2         1
                abs_s1                              150      150       20         1
                abs_s1                              1A0      1A0       50         1
                abs_s1                              220      220       50         1
                abs_s1                              2A0      2A0       50         1
                abs_s1                              320      320       10         1
                abs_s1                             20D0     20D0        0         1

        CLASS   SFR0           

        CLASS   SFR1           

        CLASS   SFR2           

        CLASS   SFR3           

        CLASS   SFR4           

        CLASS   SFR5           

        CLASS   SFR6           

        CLASS   SFR7           

        CLASS   SFR8           

        CLASS   SFR9           

        CLASS   SFR10          

        CLASS   SFR11          

        CLASS   SFR12          

        CLASS   SFR13          

        CLASS   SFR14          

        CLASS   SFR15          

        CLASS   SFR16          

        CLASS   SFR17          

        CLASS   SFR18          

        CLASS   SFR19          

        CLASS   SFR20          

        CLASS   SFR21          

        CLASS   SFR22          

        CLASS   SFR23          

        CLASS   SFR24          

        CLASS   SFR25          

        CLASS   SFR26          

        CLASS   SFR27          

        CLASS   SFR28          

        CLASS   SFR29          

        CLASS   SFR30          

        CLASS   SFR31          

        CLASS   SFR32          

        CLASS   SFR33          

        CLASS   SFR34          

        CLASS   SFR35          

        CLASS   SFR36          

        CLASS   SFR37          

        CLASS   SFR38          

        CLASS   SFR39          

        CLASS   SFR40          

        CLASS   SFR41          

        CLASS   SFR42          

        CLASS   SFR43          

        CLASS   SFR44          

        CLASS   SFR45          

        CLASS   SFR46          

        CLASS   SFR47          

        CLASS   SFR48          

        CLASS   SFR49          

        CLASS   SFR50          

        CLASS   SFR51          

        CLASS   SFR52          

        CLASS   SFR53          

        CLASS   SFR54          

        CLASS   SFR55          

        CLASS   SFR56          

        CLASS   SFR57          

        CLASS   SFR58          

        CLASS   SFR59          

        CLASS   SFR60          

        CLASS   SFR61          

        CLASS   SFR62          

        CLASS   SFR63          

        CLASS   CONFIG         
                config                             8007     8007        5         0

        CLASS   IDLOC          

        CLASS   BANK63         

        CLASS   BANK62         

        CLASS   BANK61         

        CLASS   BANK60         

        CLASS   BANK59         

        CLASS   BANK58         

        CLASS   BANK57         

        CLASS   BANK56         

        CLASS   BANK55         

        CLASS   BANK54         

        CLASS   BANK53         

        CLASS   BANK52         

        CLASS   BANK51         

        CLASS   BANK50         

        CLASS   BANK49         

        CLASS   BANK48         

        CLASS   BANK47         

        CLASS   BANK46         

        CLASS   BANK45         

        CLASS   BANK44         

        CLASS   BANK43         

        CLASS   BANK42         

        CLASS   BANK41         

        CLASS   BANK40         

        CLASS   BANK39         

        CLASS   BANK38         

        CLASS   BANK37         

        CLASS   BANK36         

        CLASS   BANK35         

        CLASS   BANK34         

        CLASS   BANK33         

        CLASS   BANK32         

        CLASS   BANK31         

        CLASS   BANK30         

        CLASS   BANK29         

        CLASS   BANK28         

        CLASS   BANK27         

        CLASS   BANK26         

        CLASS   BANK25         

        CLASS   BANK24         

        CLASS   BANK23         

        CLASS   BANK22         

        CLASS   BANK21         

        CLASS   BANK20         

        CLASS   BANK19         

        CLASS   BANK18         

        CLASS   BANK17         

        CLASS   BANK16         

        CLASS   BANK15         

        CLASS   BANK14         

        CLASS   BANK13         

        CLASS   BANK12         

        CLASS   BANK11         

        CLASS   BANK10         

        CLASS   BANK9          

        CLASS   BANK8          

        CLASS   BANK7          

        CLASS   EEDATA         



SEGMENTS        Name                           Load    Length   Top    Selector   Space  Class     Delta

                reset_vec                      000000  000002  000002         0       0  CODE        2
                intentry                       000004  00003F  000043         8       0  CODE        2
                bssBANK0                       000020  000025  000045        20       1  BANK0       1
                cstackCOMMON                   000070  00000D  00007D        70       1  COMMON      1
                stringtext1                    000043  000260  0002A3        86       0  STRCODE     2
                text9                          0002A3  0004BE  000761       546       0  CODE        2
                config                         008007  000005  00800C     1000E       0  CONFIG      2


UNUSED ADDRESS RANGES

        Name                Unused          Largest block    Delta
        BANK0            00045-0006F              2B           1
        BANK1            000A0-000EF              50           1
        BANK2            00120-0014F              30           1
        BIGRAM           02000-021EF             1F0           1
        CODE             00002-00003               2           2
                         00761-00FFF              9F
        COMMON           0007D-0007D               1           1
        CONST            00002-00003               2           2
                         00761-00FFF             100
        ENTRY            00002-00003               2           2
                         00761-00FFF             100
        IDLOC            08000-08003               4           2
        RAM              00045-0006F              2B           1
                         000A0-000EF              50
                         00120-0014F              30
        SFR0             00000-0001F              20           1
        SFR1             00080-0009F              20           1
        SFR10            00500-0056F              70           1
        SFR11            00580-005EF              70           1
        SFR12            00600-0066F              70           1
        SFR13            00680-006EF              70           1
        SFR14            00700-0076F              70           1
        SFR15            00780-007EF              70           1
        SFR16            00800-0086F              70           1
        SFR17            00880-008EF              70           1
        SFR18            00900-0096F              70           1
        SFR19            00980-009EF              70           1
        SFR2             00100-0011F              20           1
        SFR20            00A00-00A6F              70           1
        SFR21            00A80-00AEF              70           1
        SFR22            00B00-00B6F              70           1
        SFR23            00B80-00BEF              70           1
        SFR24            00C00-00C6F              70           1
        SFR25            00C80-00CEF              70           1
        SFR26            00D00-00D6F              70           1
        SFR27            00D80-00DEF              70           1
        SFR28            00E00-00E6F              70           1
        SFR29            00E80-00EEF              70           1
        SFR3             00180-0019F              20           1
        SFR30            00F00-00F6F              70           1
        SFR31            00F80-00FEF              70           1
        SFR32            01000-0106F              70           1
        SFR33            01080-010EF              70           1
        SFR34            01100-0116F              70           1
        SFR35            01180-011EF              70           1
        SFR36            01200-0126F              70           1
        SFR37            01280-012EF              70           1
        SFR38            01300-0136F              70           1
        SFR39            01380-013EF              70           1
        SFR4             00200-0021F              20           1
        SFR40            01400-0146F              70           1
        SFR41            01480-014EF              70           1
        SFR42            01500-0156F              70           1
        SFR43            01580-015EF              70           1
        SFR44            01600-0166F              70           1
        SFR45            01680-016EF              70           1
        SFR46            01700-0176F              70           1
        SFR47            01780-017EF              70           1
        SFR48            01800-0186F              70           1
        SFR49            01880-018EF              70           1
        SFR5             00280-0029F              20           1
        SFR50            01900-0196F              70           1
        SFR51            01980-019EF              70           1
        SFR52            01A00-01A6F              70           1
        SFR53            01A80-01AEF              70           1
        SFR54            01B00-01B6F              70           1
        SFR55            01B80-01BEF              70           1
        SFR56            01C00-01C6F              70           1
        SFR57            01C80-01CEF              70           1
        SFR58            01D00-01D6F              70           1
        SFR59            01D80-01DEF              70           1
        SFR6             00300-0031F              20           1
        SFR60            01E00-01E6F              70           1
        SFR61            01E80-01EEF              70           1
        SFR62            01F00-01F6F              70           1
        SFR63            01F80-01FEF              70           1
        SFR7             00380-003EF              70           1
        SFR8             00400-0046F              70           1
        SFR9             00480-004EF              70           1
        STACK            02025-020CF              AB           1
        STRCODE          00002-00003               2           2
                         00761-00FFF             89F
        STRING           00002-00003               2           2
                         00761-00FFF             100

                                  Symbol Table

?___wmul                                  cstackCOMMON 00070
FlexLedHandler@a                          cstackBANK0  0003E
FlexLedHandler@a_542                      cstackBANK0  00040
FlexLedHandler@a_543                      cstackBANK0  0003C
FlexLedInit@SCKEdgesG                     cstackCOMMON 00070
LEDWrite@CurrentCounter                   cstackCOMMON 00073
LEDWrite@LEDCounter                       cstackCOMMON 00072
LEDWrite@LEDState                         cstackCOMMON 00071
LEDWrite@SCKEdges                         cstackCOMMON 00074
TMR2_SetInterruptHandler@InterruptHandler cstackCOMMON 00070
_ANSELA                                   (abs)        01F38
_ANSELC                                   (abs)        01F4E
_Display_FlexLED                          (abs)        020D0
_FlexLedHandler                           text9        002A3
_FlexLedInit                              text8        00662
_GIE                                      (abs)        0005F
_INLVLA                                   (abs)        01F3C
_INLVLC                                   (abs)        01F52
_INTCONbits                               (abs)        0000B
_INTERRUPT_InterruptManager               intentry     00004
_LATA                                     (abs)        00018
_LATAbits                                 (abs)        00018
_LATC                                     (abs)        0001A
_LATCbits                                 (abs)        0001A
_LEDBuffer                                bssBANK0     00020
_LEDCol                                   dataBANK0    00044
_LEDWrite                                 text11       005FA
_ODCONA                                   (abs)        01F3A
_ODCONC                                   (abs)        01F50
_OSCCON1                                  (abs)        0088D
_OSCCON3                                  (abs)        0088F
_OSCEN                                    (abs)        00891
_OSCFRQ                                   (abs)        00893
_OSCILLATOR_Initialize                    text7        00741
_OSCSTAT                                  (abs)        00890
_OSCTUNE                                  (abs)        00892
_PCON0bits                                (abs)        00813
_PIE4bits                                 (abs)        0071A
_PIN_MANAGER_Initialize                   text6        006DA
_PIR4bits                                 (abs)        00710
_PMD0                                     (abs)        00796
_PMD1                                     (abs)        00797
_PMD2                                     (abs)        00798
_PMD3                                     (abs)        00799
_PMD4                                     (abs)        0079A
_PMD5                                     (abs)        0079B
_PMD_Initialize                           text5        0074B
_PR2                                      (abs)        0028D
_SLRCONA                                  (abs)        01F3B
_SLRCONC                                  (abs)        01F51
_SYSTEM_Initialize                        text1        00709
_T2CLKCON                                 (abs)        00290
_T2CON                                    (abs)        0028E
_T2CONbits                                (abs)        0028E
_T2HLT                                    (abs)        0028F
_T2HLTbits                                (abs)        0028F
_T2PR                                     (abs)        0028D
_T2RST                                    (abs)        00291
_T2RSTbits                                (abs)        00291
_T2TMR                                    (abs)        0028C
_TMR2                                     (abs)        0028C
_TMR2_DefaultInterruptHandler             text14       00760
_TMR2_ISR                                 text13       00719
_TMR2_Initialize                          text3        006F3
_TMR2_InterruptHandler                    nvBANK0      00042
_TMR2_SetInterruptHandler                 text4        00759
_TMRFlag                                  bssBANK0     0003B
_TRISA                                    (abs)        00012
_TRISC                                    (abs)        00014
_TimerX                                   bssBANK0     00039
_WDTCON0                                  (abs)        0080C
_WDTCON0bits                              (abs)        0080C
_WDTCON1                                  (abs)        0080D
_WPUA                                     (abs)        01F39
_WPUC                                     (abs)        01F4F
_WWDT_Initialize                          text2        00753
__CFG_BBEN$OFF                            (abs)        00000
__CFG_BBSIZE$BB512                        (abs)        00000
__CFG_BOREN$ON                            (abs)        00000
__CFG_BORV$LO                             (abs)        00000
__CFG_CLKOUTEN$OFF                        (abs)        00000
__CFG_CP$OFF                              (abs)        00000
__CFG_CSWEN$ON                            (abs)        00000
__CFG_FCMEN$ON                            (abs)        00000
__CFG_FEXTOSC$OFF                         (abs)        00000
__CFG_LPBOREN$OFF                         (abs)        00000
__CFG_LVP$ON                              (abs)        00000
__CFG_MCLRE$ON                            (abs)        00000
__CFG_PPS1WAY$ON                          (abs)        00000
__CFG_PWRTE$OFF                           (abs)        00000
__CFG_RSTOSC$HFINTPLL                     (abs)        00000
__CFG_SAFEN$OFF                           (abs)        00000
__CFG_STVREN$ON                           (abs)        00000
__CFG_WDTCCS$SC                           (abs)        00000
__CFG_WDTCPS$WDTCPS_31                    (abs)        00000
__CFG_WDTCWS$WDTCWS_7                     (abs)        00000
__CFG_WDTE$SWDTEN                         (abs)        00000
__CFG_WRTAPP$OFF                          (abs)        00000
__CFG_WRTB$OFF                            (abs)        00000
__CFG_WRTC$OFF                            (abs)        00000
__CFG_WRTSAF$OFF                          (abs)        00000
__CFG_ZCD$OFF                             (abs)        00000
__Habs1                                   abs1         00000
__Hbank0                                  bank0        00000
__Hbank1                                  bank1        00000
__Hbank10                                 bank10       00000
__Hbank11                                 bank11       00000
__Hbank12                                 bank12       00000
__Hbank13                                 bank13       00000
__Hbank14                                 bank14       00000
__Hbank15                                 bank15       00000
__Hbank16                                 bank16       00000
__Hbank17                                 bank17       00000
__Hbank18                                 bank18       00000
__Hbank19                                 bank19       00000
__Hbank2                                  bank2        00000
__Hbank20                                 bank20       00000
__Hbank21                                 bank21       00000
__Hbank22                                 bank22       00000
__Hbank23                                 bank23       00000
__Hbank24                                 bank24       00000
__Hbank25                                 bank25       00000
__Hbank26                                 bank26       00000
__Hbank27                                 bank27       00000
__Hbank28                                 bank28       00000
__Hbank29                                 bank29       00000
__Hbank3                                  bank3        00000
__Hbank30                                 bank30       00000
__Hbank31                                 bank31       00000
__Hbank32                                 bank32       00000
__Hbank33                                 bank33       00000
__Hbank34                                 bank34       00000
__Hbank35                                 bank35       00000
__Hbank36                                 bank36       00000
__Hbank37                                 bank37       00000
__Hbank38                                 bank38       00000
__Hbank39                                 bank39       00000
__Hbank4                                  bank4        00000
__Hbank40                                 bank40       00000
__Hbank41                                 bank41       00000
__Hbank42                                 bank42       00000
__Hbank43                                 bank43       00000
__Hbank44                                 bank44       00000
__Hbank45                                 bank45       00000
__Hbank46                                 bank46       00000
__Hbank47                                 bank47       00000
__Hbank48                                 bank48       00000
__Hbank49                                 bank49       00000
__Hbank5                                  bank5        00000
__Hbank50                                 bank50       00000
__Hbank51                                 bank51       00000
__Hbank52                                 bank52       00000
__Hbank53                                 bank53       00000
__Hbank54                                 bank54       00000
__Hbank55                                 bank55       00000
__Hbank56                                 bank56       00000
__Hbank57                                 bank57       00000
__Hbank58                                 bank58       00000
__Hbank59                                 bank59       00000
__Hbank6                                  bank6        00000
__Hbank60                                 bank60       00000
__Hbank61                                 bank61       00000
__Hbank62                                 bank62       00000
__Hbank63                                 bank63       00000
__Hbank7                                  bank7        00000
__Hbank8                                  bank8        00000
__Hbank9                                  bank9        00000
__Hbigram                                 bigram       00000
__HbssBANK0                               bssBANK0     00000
__Hcinit                                  cinit        00043
__Hclrtext                                clrtext      00000
__Hcode                                   code         00000
__Hcommon                                 common       00000
__Hconfig                                 config       0800C
__HcstackBANK0                            cstackBANK0  00000
__HcstackCOMMON                           cstackCOMMON 00000
__HdataBANK0                              dataBANK0    00000
__Heeprom_data                            eeprom_data  00000
__Hend_init                               end_init     00022
__Hfunctab                                functab      00000
__HidataBANK0                             idataBANK0   00000
__HidataBIGRAM                            idataBIGRAM  00000
__Hidloc                                  idloc        00000
__Hinit                                   init         00020
__Hinittext                               inittext     00000
__Hintentry                               intentry     00020
__Hmaintext                               maintext     00000
__HnvBANK0                                nvBANK0      00000
__Hpowerup                                powerup      00000
__Hram                                    ram          00000
__Hreset_vec                              reset_vec    00002
__Hsfr0                                   sfr0         00000
__Hsfr1                                   sfr1         00000
__Hsfr10                                  sfr10        00000
__Hsfr11                                  sfr11        00000
__Hsfr12                                  sfr12        00000
__Hsfr13                                  sfr13        00000
__Hsfr14                                  sfr14        00000
__Hsfr15                                  sfr15        00000
__Hsfr16                                  sfr16        00000
__Hsfr17                                  sfr17        00000
__Hsfr18                                  sfr18        00000
__Hsfr19                                  sfr19        00000
__Hsfr2                                   sfr2         00000
__Hsfr20                                  sfr20        00000
__Hsfr21                                  sfr21        00000
__Hsfr22                                  sfr22        00000
__Hsfr23                                  sfr23        00000
__Hsfr24                                  sfr24        00000
__Hsfr25                                  sfr25        00000
__Hsfr26                                  sfr26        00000
__Hsfr27                                  sfr27        00000
__Hsfr28                                  sfr28        00000
__Hsfr29                                  sfr29        00000
__Hsfr3                                   sfr3         00000
__Hsfr30                                  sfr30        00000
__Hsfr31                                  sfr31        00000
__Hsfr32                                  sfr32        00000
__Hsfr33                                  sfr33        00000
__Hsfr34                                  sfr34        00000
__Hsfr35                                  sfr35        00000
__Hsfr36                                  sfr36        00000
__Hsfr37                                  sfr37        00000
__Hsfr38                                  sfr38        00000
__Hsfr39                                  sfr39        00000
__Hsfr4                                   sfr4         00000
__Hsfr40                                  sfr40        00000
__Hsfr41                                  sfr41        00000
__Hsfr42                                  sfr42        00000
__Hsfr43                                  sfr43        00000
__Hsfr44                                  sfr44        00000
__Hsfr45                                  sfr45        00000
__Hsfr46                                  sfr46        00000
__Hsfr47                                  sfr47        00000
__Hsfr48                                  sfr48        00000
__Hsfr49                                  sfr49        00000
__Hsfr5                                   sfr5         00000
__Hsfr50                                  sfr50        00000
__Hsfr51                                  sfr51        00000
__Hsfr52                                  sfr52        00000
__Hsfr53                                  sfr53        00000
__Hsfr54                                  sfr54        00000
__Hsfr55                                  sfr55        00000
__Hsfr56                                  sfr56        00000
__Hsfr57                                  sfr57        00000
__Hsfr58                                  sfr58        00000
__Hsfr59                                  sfr59        00000
__Hsfr6                                   sfr6         00000
__Hsfr60                                  sfr60        00000
__Hsfr61                                  sfr61        00000
__Hsfr62                                  sfr62        00000
__Hsfr63                                  sfr63        00000
__Hsfr7                                   sfr7         00000
__Hsfr8                                   sfr8         00000
__Hsfr9                                   sfr9         00000
__Hspace_0                                (abs)        0800C
__Hspace_1                                (abs)        0007D
__Hspace_2                                (abs)        00000
__Hspace_3                                (abs)        00000
__Hstack                                  stack        00000
__Hstrings                                strings      00000
__Hstringtext1                            stringtext1  00000
__Htext                                   text         00000
__Labs1                                   abs1         00000
__Lbank0                                  bank0        00000
__Lbank1                                  bank1        00000
__Lbank10                                 bank10       00000
__Lbank11                                 bank11       00000
__Lbank12                                 bank12       00000
__Lbank13                                 bank13       00000
__Lbank14                                 bank14       00000
__Lbank15                                 bank15       00000
__Lbank16                                 bank16       00000
__Lbank17                                 bank17       00000
__Lbank18                                 bank18       00000
__Lbank19                                 bank19       00000
__Lbank2                                  bank2        00000
__Lbank20                                 bank20       00000
__Lbank21                                 bank21       00000
__Lbank22                                 bank22       00000
__Lbank23                                 bank23       00000
__Lbank24                                 bank24       00000
__Lbank25                                 bank25       00000
__Lbank26                                 bank26       00000
__Lbank27                                 bank27       00000
__Lbank28                                 bank28       00000
__Lbank29                                 bank29       00000
__Lbank3                                  bank3        00000
__Lbank30                                 bank30       00000
__Lbank31                                 bank31       00000
__Lbank32                                 bank32       00000
__Lbank33                                 bank33       00000
__Lbank34                                 bank34       00000
__Lbank35                                 bank35       00000
__Lbank36                                 bank36       00000
__Lbank37                                 bank37       00000
__Lbank38                                 bank38       00000
__Lbank39                                 bank39       00000
__Lbank4                                  bank4        00000
__Lbank40                                 bank40       00000
__Lbank41                                 bank41       00000
__Lbank42                                 bank42       00000
__Lbank43                                 bank43       00000
__Lbank44                                 bank44       00000
__Lbank45                                 bank45       00000
__Lbank46                                 bank46       00000
__Lbank47                                 bank47       00000
__Lbank48                                 bank48       00000
__Lbank49                                 bank49       00000
__Lbank5                                  bank5        00000
__Lbank50                                 bank50       00000
__Lbank51                                 bank51       00000
__Lbank52                                 bank52       00000
__Lbank53                                 bank53       00000
__Lbank54                                 bank54       00000
__Lbank55                                 bank55       00000
__Lbank56                                 bank56       00000
__Lbank57                                 bank57       00000
__Lbank58                                 bank58       00000
__Lbank59                                 bank59       00000
__Lbank6                                  bank6        00000
__Lbank60                                 bank60       00000
__Lbank61                                 bank61       00000
__Lbank62                                 bank62       00000
__Lbank63                                 bank63       00000
__Lbank7                                  bank7        00000
__Lbank8                                  bank8        00000
__Lbank9                                  bank9        00000
__Lbigram                                 bigram       00000
__LbssBANK0                               bssBANK0     00000
__Lcinit                                  cinit        00022
__Lclrtext                                clrtext      00000
__Lcode                                   code         00000
__Lcommon                                 common       00000
__Lconfig                                 config       08007
__LcstackBANK0                            cstackBANK0  00000
__LcstackCOMMON                           cstackCOMMON 00000
__LdataBANK0                              dataBANK0    00000
__Leeprom_data                            eeprom_data  00000
__Lend_init                               end_init     00020
__Lfunctab                                functab      00000
__LidataBANK0                             idataBANK0   00000
__LidataBIGRAM                            idataBIGRAM  00000
__Lidloc                                  idloc        00000
__Linit                                   init         00020
__Linittext                               inittext     00000
__Lintentry                               intentry     00004
__Lmaintext                               maintext     00000
__LnvBANK0                                nvBANK0      00000
__Lpowerup                                powerup      00000
__Lram                                    ram          00000
__Lreset_vec                              reset_vec    00000
__Lsfr0                                   sfr0         00000
__Lsfr1                                   sfr1         00000
__Lsfr10                                  sfr10        00000
__Lsfr11                                  sfr11        00000
__Lsfr12                                  sfr12        00000
__Lsfr13                                  sfr13        00000
__Lsfr14                                  sfr14        00000
__Lsfr15                                  sfr15        00000
__Lsfr16                                  sfr16        00000
__Lsfr17                                  sfr17        00000
__Lsfr18                                  sfr18        00000
__Lsfr19                                  sfr19        00000
__Lsfr2                                   sfr2         00000
__Lsfr20                                  sfr20        00000
__Lsfr21                                  sfr21        00000
__Lsfr22                                  sfr22        00000
__Lsfr23                                  sfr23        00000
__Lsfr24                                  sfr24        00000
__Lsfr25                                  sfr25        00000
__Lsfr26                                  sfr26        00000
__Lsfr27                                  sfr27        00000
__Lsfr28                                  sfr28        00000
__Lsfr29                                  sfr29        00000
__Lsfr3                                   sfr3         00000
__Lsfr30                                  sfr30        00000
__Lsfr31                                  sfr31        00000
__Lsfr32                                  sfr32        00000
__Lsfr33                                  sfr33        00000
__Lsfr34                                  sfr34        00000
__Lsfr35                                  sfr35        00000
__Lsfr36                                  sfr36        00000
__Lsfr37                                  sfr37        00000
__Lsfr38                                  sfr38        00000
__Lsfr39                                  sfr39        00000
__Lsfr4                                   sfr4         00000
__Lsfr40                                  sfr40        00000
__Lsfr41                                  sfr41        00000
__Lsfr42                                  sfr42        00000
__Lsfr43                                  sfr43        00000
__Lsfr44                                  sfr44        00000
__Lsfr45                                  sfr45        00000
__Lsfr46                                  sfr46        00000
__Lsfr47                                  sfr47        00000
__Lsfr48                                  sfr48        00000
__Lsfr49                                  sfr49        00000
__Lsfr5                                   sfr5         00000
__Lsfr50                                  sfr50        00000
__Lsfr51                                  sfr51        00000
__Lsfr52                                  sfr52        00000
__Lsfr53                                  sfr53        00000
__Lsfr54                                  sfr54        00000
__Lsfr55                                  sfr55        00000
__Lsfr56                                  sfr56        00000
__Lsfr57                                  sfr57        00000
__Lsfr58                                  sfr58        00000
__Lsfr59                                  sfr59        00000
__Lsfr6                                   sfr6         00000
__Lsfr60                                  sfr60        00000
__Lsfr61                                  sfr61        00000
__Lsfr62                                  sfr62        00000
__Lsfr63                                  sfr63        00000
__Lsfr7                                   sfr7         00000
__Lsfr8                                   sfr8         00000
__Lsfr9                                   sfr9         00000
__Lspace_0                                (abs)        00000
__Lspace_1                                (abs)        00000
__Lspace_2                                (abs)        00000
__Lspace_3                                (abs)        00000
__Lstack                                  stack        00000
__Lstrings                                strings      00000
__Lstringtext1                            stringtext1  00000
__Ltext                                   text         00000
__S0                                      (abs)        0800C
__S1                                      (abs)        0007D
__S2                                      (abs)        00000
___int_sp                                 stack        00000
___latbits                                (abs)        00001
___sp                                     stack        00000
___wmul                                   text10       0069B
___wmul@multiplicand                      cstackCOMMON 00072
___wmul@multiplier                        cstackCOMMON 00070
___wmul@product                           cstackCOMMON 00074
__end_of_FlexLedHandler                   text9        004DA
__end_of_FlexLedInit                      text8        0069B
__end_of_HappyChristmasBuffer             stringtext1  002A3
__end_of_INTERRUPT_InterruptManager       intentry     00020
__end_of_LEDWrite                         text11       00662
__end_of_OSCILLATOR_Initialize            text7        0074B
__end_of_PIN_MANAGER_Initialize           text6        006F3
__end_of_PMD_Initialize                   text5        00753
__end_of_SYSTEM_Initialize                text1        00719
__end_of_TMR2_DefaultInterruptHandler     text14       00761
__end_of_TMR2_ISR                         text13       00729
__end_of_TMR2_Initialize                  text3        00709
__end_of_TMR2_SetInterruptHandler         text4        0075F
__end_of_WWDT_Initialize                  text2        00759
__end_of___wmul                           text10       006BD
__end_of__initialization                  cinit        0003F
__end_of_main                             maintext     006DA
__initialization                          cinit        00022
__pbssBANK0                               bssBANK0     00020
__pcstackBANK0                            cstackBANK0  0003C
__pcstackCOMMON                           cstackCOMMON 00070
__pdataBANK0                              dataBANK0    00044
__pdataBIGRAM                             (abs)        020D0
__pidataBANK0                             idataBANK0   0075F
__pidataBIGRAM                            idataBIGRAM  004DA
__pintentry                               intentry     00004
__pmaintext                               maintext     006BD
__pnvBANK0                                nvBANK0      00042
__pstringtext1                            stringtext1  00043
__ptext1                                  text1        00709
__ptext10                                 text10       0069B
__ptext11                                 text11       005FA
__ptext13                                 text13       00719
__ptext14                                 text14       00760
__ptext2                                  text2        00753
__ptext3                                  text3        006F3
__ptext4                                  text4        00759
__ptext5                                  text5        0074B
__ptext6                                  text6        006DA
__ptext7                                  text7        00741
__ptext8                                  text8        00662
__ptext9                                  text9        002A3
__size_of_FlexLedHandler                  (abs)        00000
__size_of_FlexLedInit                     (abs)        00000
__size_of_INTERRUPT_InterruptManager      (abs)        00000
__size_of_LEDWrite                        (abs)        00000
__size_of_OSCILLATOR_Initialize           (abs)        00000
__size_of_PIN_MANAGER_Initialize          (abs)        00000
__size_of_PMD_Initialize                  (abs)        00000
__size_of_SYSTEM_Initialize               (abs)        00000
__size_of_TMR2_DefaultInterruptHandler    (abs)        00000
__size_of_TMR2_ISR                        (abs)        00000
__size_of_TMR2_Initialize                 (abs)        00000
__size_of_TMR2_SetInterruptHandler        (abs)        00000
__size_of_WWDT_Initialize                 (abs)        00000
__size_of___wmul                          (abs)        00000
__size_of_main                            (abs)        00000
_main                                     maintext     006BD
_t                                        bssBANK0     00038
btemp                                     (abs)        0007E
clear_ram0                                clrtext      00735
end_of_initialization                     cinit        0003F
init_ram                                  inittext     00729
int$flags                                 (abs)        0007E
intlevel0                                 functab      00000
intlevel1                                 functab      00000
intlevel2                                 functab      00000
intlevel3                                 functab      00000
intlevel4                                 functab      00000
intlevel5                                 functab      00000
reset_vec                                 reset_vec    00000
stackhi                                   (abs)        020CF
stacklo                                   (abs)        02025
start                                     init         00020
start_initialization                      cinit        00022
wtemp0                                    (abs)        0007E


FUNCTION INFORMATION:

 *************** function _main *****************
 Defined at:
		line 50 in file "main.c"
 Parameters:    Size  Location     Type
		None
 Auto vars:     Size  Location     Type
		None
 Return value:  Size  Location     Type
                  1    wreg      void 
 Registers used:
		wreg, fsr1l, fsr1h, status,2, status,0, pclath, cstack
 Tracked objects:
		On entry : 
		On exit  : 
		Unchanged: 
 Data sizes:     COMMON   BANK0   BANK1   BANK2   BANK3   BANK4   BANK5   BANK6
      Params:         0       0       0       0       0       0       0       0
      Locals:         0       0       0       0       0       0       0       0
      Temps:          0       0       0       0       0       0       0       0
      Totals:         0       0       0       0       0       0       0       0
Total ram usage:        0 bytes
 Hardware stack levels required when called:    6
 This function calls:
		_FlexLedHandler
		_FlexLedInit
		_SYSTEM_Initialize
 This function is called by:
		Startup code after reset
 This function uses a non-reentrant model


 *************** function _SYSTEM_Initialize *****************
 Defined at:
		line 50 in file "mcc_generated_files/mcc.c"
 Parameters:    Size  Location     Type
		None
 Auto vars:     Size  Location     Type
		None
 Return value:  Size  Location     Type
                  1    wreg      void 
 Registers used:
		wreg, status,2, status,0, pclath, cstack
 Tracked objects:
		On entry : 
		On exit  : 
		Unchanged: 
 Data sizes:     COMMON   BANK0   BANK1   BANK2   BANK3   BANK4   BANK5   BANK6
      Params:         0       0       0       0       0       0       0       0
      Locals:         0       0       0       0       0       0       0       0
      Temps:          0       0       0       0       0       0       0       0
      Totals:         0       0       0       0       0       0       0       0
Total ram usage:        0 bytes
 Hardware stack levels used:    1
 Hardware stack levels required when called:    5
 This function calls:
		_OSCILLATOR_Initialize
		_PIN_MANAGER_Initialize
		_PMD_Initialize
		_TMR2_Initialize
		_WWDT_Initialize
 This function is called by:
		_main
 This function uses a non-reentrant model


 *************** function _WWDT_Initialize *****************
 Defined at:
		line 92 in file "mcc_generated_files/mcc.c"
 Parameters:    Size  Location     Type
		None
 Auto vars:     Size  Location     Type
		None
 Return value:  Size  Location     Type
                  1    wreg      void 
 Registers used:
		wreg
 Tracked objects:
		On entry : 
		On exit  : 
		Unchanged: 
 Data sizes:     COMMON   BANK0   BANK1   BANK2   BANK3   BANK4   BANK5   BANK6
      Params:         0       0       0       0       0       0       0       0
      Locals:         0       0       0       0       0       0       0       0
      Temps:          0       0       0       0       0       0       0       0
      Totals:         0       0       0       0       0       0       0       0
Total ram usage:        0 bytes
 Hardware stack levels used:    1
 Hardware stack levels required when called:    3
 This function calls:
		Nothing
 This function is called by:
		_SYSTEM_Initialize
 This function uses a non-reentrant model


 *************** function _TMR2_Initialize *****************
 Defined at:
		line 64 in file "mcc_generated_files/tmr2.c"
 Parameters:    Size  Location     Type
		None
 Auto vars:     Size  Location     Type
		None
 Return value:  Size  Location     Type
                  1    wreg      void 
 Registers used:
		wreg, status,2, status,0, pclath, cstack
 Tracked objects:
		On entry : 
		On exit  : 
		Unchanged: 
 Data sizes:     COMMON   BANK0   BANK1   BANK2   BANK3   BANK4   BANK5   BANK6
      Params:         0       0       0       0       0       0       0       0
      Locals:         0       0       0       0       0       0       0       0
      Temps:          0       0       0       0       0       0       0       0
      Totals:         0       0       0       0       0       0       0       0
Total ram usage:        0 bytes
 Hardware stack levels used:    1
 Hardware stack levels required when called:    4
 This function calls:
		_TMR2_SetInterruptHandler
 This function is called by:
		_SYSTEM_Initialize
 This function uses a non-reentrant model


 *************** function _TMR2_SetInterruptHandler *****************
 Defined at:
		line 178 in file "mcc_generated_files/tmr2.c"
 Parameters:    Size  Location     Type
  InterruptHan    2    0[COMMON] PTR FTN()void 
		 -> TMR2_DefaultInterruptHandler(1), 
 Auto vars:     Size  Location     Type
		None
 Return value:  Size  Location     Type
                  1    wreg      void 
 Registers used:
		wreg
 Tracked objects:
		On entry : 
		On exit  : 
		Unchanged: 
 Data sizes:     COMMON   BANK0   BANK1   BANK2   BANK3   BANK4   BANK5   BANK6
      Params:         2       0       0       0       0       0       0       0
      Locals:         0       0       0       0       0       0       0       0
      Temps:          0       0       0       0       0       0       0       0
      Totals:         2       0       0       0       0       0       0       0
Total ram usage:        2 bytes
 Hardware stack levels used:    1
 Hardware stack levels required when called:    3
 This function calls:
		Nothing
 This function is called by:
		_TMR2_Initialize
 This function uses a non-reentrant model


 *************** function _PMD_Initialize *****************
 Defined at:
		line 75 in file "mcc_generated_files/mcc.c"
 Parameters:    Size  Location     Type
		None
 Auto vars:     Size  Location     Type
		None
 Return value:  Size  Location     Type
                  1    wreg      void 
 Registers used:
		status,2
 Tracked objects:
		On entry : 
		On exit  : 
		Unchanged: 
 Data sizes:     COMMON   BANK0   BANK1   BANK2   BANK3   BANK4   BANK5   BANK6
      Params:         0       0       0       0       0       0       0       0
      Locals:         0       0       0       0       0       0       0       0
      Temps:          0       0       0       0       0       0       0       0
      Totals:         0       0       0       0       0       0       0       0
Total ram usage:        0 bytes
 Hardware stack levels used:    1
 Hardware stack levels required when called:    3
 This function calls:
		Nothing
 This function is called by:
		_SYSTEM_Initialize
 This function uses a non-reentrant model


 *************** function _PIN_MANAGER_Initialize *****************
 Defined at:
		line 55 in file "mcc_generated_files/pin_manager.c"
 Parameters:    Size  Location     Type
		None
 Auto vars:     Size  Location     Type
		None
 Return value:  Size  Location     Type
                  1    wreg      void 
 Registers used:
		wreg, status,2
 Tracked objects:
		On entry : 
		On exit  : 
		Unchanged: 
 Data sizes:     COMMON   BANK0   BANK1   BANK2   BANK3   BANK4   BANK5   BANK6
      Params:         0       0       0       0       0       0       0       0
      Locals:         0       0       0       0       0       0       0       0
      Temps:          0       0       0       0       0       0       0       0
      Totals:         0       0       0       0       0       0       0       0
Total ram usage:        0 bytes
 Hardware stack levels used:    1
 Hardware stack levels required when called:    3
 This function calls:
		Nothing
 This function is called by:
		_SYSTEM_Initialize
 This function uses a non-reentrant model


 *************** function _OSCILLATOR_Initialize *****************
 Defined at:
		line 59 in file "mcc_generated_files/mcc.c"
 Parameters:    Size  Location     Type
		None
 Auto vars:     Size  Location     Type
		None
 Return value:  Size  Location     Type
                  1    wreg      void 
 Registers used:
		wreg, status,2
 Tracked objects:
		On entry : 
		On exit  : 
		Unchanged: 
 Data sizes:     COMMON   BANK0   BANK1   BANK2   BANK3   BANK4   BANK5   BANK6
      Params:         0       0       0       0       0       0       0       0
      Locals:         0       0       0       0       0       0       0       0
      Temps:          0       0       0       0       0       0       0       0
      Totals:         0       0       0       0       0       0       0       0
Total ram usage:        0 bytes
 Hardware stack levels used:    1
 Hardware stack levels required when called:    3
 This function calls:
		Nothing
 This function is called by:
		_SYSTEM_Initialize
 This function uses a non-reentrant model


 *************** function _FlexLedInit *****************
 Defined at:
		line 143 in file "FlexLed.c"
 Parameters:    Size  Location     Type
		None
 Auto vars:     Size  Location     Type
  SCKEdgesG       2    0[COMMON] unsigned short 
 Return value:  Size  Location     Type
                  1    wreg      void 
 Registers used:
		wreg, status,2
 Tracked objects:
		On entry : 
		On exit  : 
		Unchanged: 
 Data sizes:     COMMON   BANK0   BANK1   BANK2   BANK3   BANK4   BANK5   BANK6
      Params:         0       0       0       0       0       0       0       0
      Locals:         2       0       0       0       0       0       0       0
      Temps:          0       0       0       0       0       0       0       0
      Totals:         2       0       0       0       0       0       0       0
Total ram usage:        2 bytes
 Hardware stack levels used:    1
 Hardware stack levels required when called:    3
 This function calls:
		Nothing
 This function is called by:
		_main
 This function uses a non-reentrant model


 *************** function _FlexLedHandler *****************
 Defined at:
		line 29 in file "FlexLed.c"
 Parameters:    Size  Location     Type
		None
 Auto vars:     Size  Location     Type
  a               2    0[BANK0 ] unsigned short 
  a               2    4[BANK0 ] unsigned short 
  a               2    2[BANK0 ] unsigned short 
 Return value:  Size  Location     Type
                  1    wreg      void 
 Registers used:
		wreg, fsr1l, fsr1h, status,2, status,0, pclath, cstack
 Tracked objects:
		On entry : 
		On exit  : 
		Unchanged: 
 Data sizes:     COMMON   BANK0   BANK1   BANK2   BANK3   BANK4   BANK5   BANK6
      Params:         0       0       0       0       0       0       0       0
      Locals:         0       6       0       0       0       0       0       0
      Temps:          7       0       0       0       0       0       0       0
      Totals:         7       6       0       0       0       0       0       0
Total ram usage:       13 bytes
 Hardware stack levels used:    1
 Hardware stack levels required when called:    4
 This function calls:
		_LEDWrite
		___wmul
 This function is called by:
		_main
 This function uses a non-reentrant model


 *************** function ___wmul *****************
 Defined at:
		line 15 in file "C:\Program Files (x86)\Microchip\xc8\v2.00\pic\sources\c99\common\Umul16.c"
 Parameters:    Size  Location     Type
  multiplier      2    0[COMMON] unsigned int 
  multiplicand    2    2[COMMON] unsigned int 
 Auto vars:     Size  Location     Type
  product         2    4[COMMON] unsigned int 
 Return value:  Size  Location     Type
                  2    0[COMMON] unsigned int 
 Registers used:
		wreg, status,2, status,0
 Tracked objects:
		On entry : 
		On exit  : 
		Unchanged: 
 Data sizes:     COMMON   BANK0   BANK1   BANK2   BANK3   BANK4   BANK5   BANK6
      Params:         4       0       0       0       0       0       0       0
      Locals:         2       0       0       0       0       0       0       0
      Temps:          0       0       0       0       0       0       0       0
      Totals:         6       0       0       0       0       0       0       0
Total ram usage:        6 bytes
 Hardware stack levels used:    1
 Hardware stack levels required when called:    3
 This function calls:
		Nothing
 This function is called by:
		_FlexLedHandler
 This function uses a non-reentrant model


 *************** function _LEDWrite *****************
 Defined at:
		line 171 in file "FlexLed.c"
 Parameters:    Size  Location     Type
		None
 Auto vars:     Size  Location     Type
  SCKEdges        2    4[COMMON] unsigned short 
  CurrentCount    1    3[COMMON] unsigned char 
  LEDCounter      1    2[COMMON] unsigned char 
  LEDState        1    1[COMMON] _Bool 
 Return value:  Size  Location     Type
                  1    wreg      void 
 Registers used:
		wreg, fsr1l, fsr1h, status,2, status,0
 Tracked objects:
		On entry : 
		On exit  : 
		Unchanged: 
 Data sizes:     COMMON   BANK0   BANK1   BANK2   BANK3   BANK4   BANK5   BANK6
      Params:         0       0       0       0       0       0       0       0
      Locals:         5       0       0       0       0       0       0       0
      Temps:          1       0       0       0       0       0       0       0
      Totals:         6       0       0       0       0       0       0       0
Total ram usage:        6 bytes
 Hardware stack levels used:    1
 Hardware stack levels required when called:    3
 This function calls:
		Nothing
 This function is called by:
		_FlexLedHandler
 This function uses a non-reentrant model


 *************** function _INTERRUPT_InterruptManager *****************
 Defined at:
		line 53 in file "mcc_generated_files/interrupt_manager.c"
 Parameters:    Size  Location     Type
		None
 Auto vars:     Size  Location     Type
		None
 Return value:  Size  Location     Type
                  1    wreg      void 
 Registers used:
		wreg, status,2, status,0, pclath, cstack
 Tracked objects:
		On entry : 
		On exit  : 
		Unchanged: 
 Data sizes:     COMMON   BANK0   BANK1   BANK2   BANK3   BANK4   BANK5   BANK6
      Params:         0       0       0       0       0       0       0       0
      Locals:         0       0       0       0       0       0       0       0
      Temps:          0       0       0       0       0       0       0       0
      Totals:         0       0       0       0       0       0       0       0
Total ram usage:        0 bytes
 Hardware stack levels used:    1
 Hardware stack levels required when called:    2
 This function calls:
		_TMR2_ISR
 This function is called by:
		Interrupt level 1
 This function uses a non-reentrant model


 *************** function _TMR2_ISR *****************
 Defined at:
		line 165 in file "mcc_generated_files/tmr2.c"
 Parameters:    Size  Location     Type
		None
 Auto vars:     Size  Location     Type
		None
 Return value:  Size  Location     Type
                  1    wreg      void 
 Registers used:
		wreg, status,2, status,0, pclath, cstack
 Tracked objects:
		On entry : 
		On exit  : 
		Unchanged: 
 Data sizes:     COMMON   BANK0   BANK1   BANK2   BANK3   BANK4   BANK5   BANK6
      Params:         0       0       0       0       0       0       0       0
      Locals:         0       0       0       0       0       0       0       0
      Temps:          0       0       0       0       0       0       0       0
      Totals:         0       0       0       0       0       0       0       0
Total ram usage:        0 bytes
 Hardware stack levels used:    1
 Hardware stack levels required when called:    1
 This function calls:
		Absolute function
		_TMR2_DefaultInterruptHandler
 This function is called by:
		_INTERRUPT_InterruptManager
 This function uses a non-reentrant model


 *************** function _TMR2_DefaultInterruptHandler *****************
 Defined at:
		line 182 in file "mcc_generated_files/tmr2.c"
 Parameters:    Size  Location     Type
		None
 Auto vars:     Size  Location     Type
		None
 Return value:  Size  Location     Type
                  1    wreg      void 
 Registers used:
		None
 Tracked objects:
		On entry : 
		On exit  : 
		Unchanged: 
 Data sizes:     COMMON   BANK0   BANK1   BANK2   BANK3   BANK4   BANK5   BANK6
      Params:         0       0       0       0       0       0       0       0
      Locals:         0       0       0       0       0       0       0       0
      Temps:          0       0       0       0       0       0       0       0
      Totals:         0       0       0       0       0       0       0       0
Total ram usage:        0 bytes
 Hardware stack levels used:    1
 This function calls:
		Nothing
 This function is called by:
		_TMR2_Initialize
		_TMR2_ISR
 This function uses a non-reentrant model



MODULE INFORMATION

Module		Function		Class		Link	Load	Size
mcc_generated_files/tmr2.c
		_TMR2_ISR      		CODE           	0719	0000	17
		_TMR2_Initialize		CODE           	06F3	0000	23
		_TMR2_SetInterruptHandler		CODE           	0759	0000	7
		_TMR2_DefaultInterruptHandler		CODE           	0760	0000	2

mcc_generated_files/tmr2.c estimated size: 49

mcc_generated_files/interrupt_manager.c
		_INTERRUPT_InterruptManager		CODE           	0004	0000	29

mcc_generated_files/interrupt_manager.c estimated size: 29

mcc_generated_files/pin_manager.c
		_PIN_MANAGER_Initialize		CODE           	06DA	0000	26

mcc_generated_files/pin_manager.c estimated size: 26

FlexLed.c
		_LEDWrite      		CODE           	05FA	0000	105
		_FlexLedInit   		CODE           	0662	0000	58
		_FlexLedHandler		CODE           	02A3	0000	568

FlexLed.c estimated size: 731

shared
		_HappyChristmasBuffer		STRCODE        	0000	0000	0
		__initialization		CODE           	0022	0000	30

shared estimated size: 30

mcc_generated_files/mcc.c
		_PMD_Initialize		CODE           	074B	0000	9
		_OSCILLATOR_Initialize		CODE           	0741	0000	11
		_SYSTEM_Initialize		CODE           	0709	0000	17
		_WWDT_Initialize		CODE           	0753	0000	7

mcc_generated_files/mcc.c estimated size: 44

C:\Program Files (x86)\Microchip\xc8\v2.00\pic\sources\c99\common\Umul16.c
		___wmul        		CODE           	069B	0000	35

C:\Program Files (x86)\Microchip\xc8\v2.00\pic\sources\c99\common\Umul16.c estimated size: 35

main.c
		_main          		CODE           	06BD	0000	30

main.c estimated size: 30

